Generating ground stations...
Generating TLEs...
Generating ISLs...
Generating description...
Generating GSL interfaces info..
Generating forwarding state...
Thread 0 does interval [0.00 ms, 5000.00 ms]
Thread 1 does interval [5000.00 ms, 10000.00 ms]
FORWARDING STATE AT T = 0ns (= 0.0 seconds)

BASIC INFORMATION
  > Epoch.................. 2000-01-01 00:00:00.000
  > Time since epoch....... 0 ns
  > Absolute time.......... 2000-01-01 00:00:00.000
  > Satellites............. 1584
  > Ground stations........ 100
  > Max. range GSL......... 1089686.4181956202m
  > Max. range ISL......... 5016591.233098428m

ISL INFORMATION
FORWARDING STATE AT T = 5000000000ns (= 5.0 seconds)

BASIC INFORMATION
  > Epoch.................. 2000-01-01 00:00:00.000
  > Time since epoch....... 5000000000 ns
  > Absolute time.......... 2000-01-01 00:00:05.000
  > Satellites............. 1584
  > Ground stations........ 100
  > Max. range GSL......... 1089686.4181956202m
  > Max. range ISL......... 5016591.233098428m

ISL INFORMATION
  > Total ISLs............. 3168
  > Total ISLs............. 3168
  > Min. ISLs/satellite.... 4
  > Max. ISLs/satellite.... 4

GSL INTERFACE INFORMATION
  > Min. GSL IFs/satellite........ 1
  > Max. GSL IFs/satellite........ 1
  > Min. GSL IFs/ground station... 1
  > Max. GSL IFs/ground_station... 1

GSL IN-RANGE INFORMATION
  > Min. ISLs/satellite.... 4
  > Max. ISLs/satellite.... 4

GSL INTERFACE INFORMATION
  > Min. GSL IFs/satellite........ 1
  > Max. GSL IFs/satellite........ 1
  > Min. GSL IFs/ground station... 1
  > Max. GSL IFs/ground_station... 1

GSL IN-RANGE INFORMATION
  > Min. satellites in range... 4
  > Max. satellites in range... 20

ALGORITHM: FREE ONE ONLY OVER ISLS
  > Writing interface bandwidth state to: gen_data/starlink_550_isls_plus_grid_ground_stations_top_100_algorithm_free_one_only_over_isls/dynamic_state_100ms_for_10s/gsl_if_bandwidth_0.txt
  > Calculating Floyd-Warshall for graph without ground-station relays
  > Min. satellites in range... 4
  > Max. satellites in range... 20

ALGORITHM: FREE ONE ONLY OVER ISLS
  > Writing interface bandwidth state to: gen_data/starlink_550_isls_plus_grid_ground_stations_top_100_algorithm_free_one_only_over_isls/dynamic_state_100ms_for_10s/gsl_if_bandwidth_5000000000.txt
  > Calculating Floyd-Warshall for graph without ground-station relays
  > Writing forwarding state to: gen_data/starlink_550_isls_plus_grid_ground_stations_top_100_algorithm_free_one_only_over_isls/dynamic_state_100ms_for_10s/fstate_5000000000.txt
  > Writing forwarding state to: gen_data/starlink_550_isls_plus_grid_ground_stations_top_100_algorithm_free_one_only_over_isls/dynamic_state_100ms_for_10s/fstate_0.txt

FORWARDING STATE AT T = 5100000000ns (= 5.1 seconds)

BASIC INFORMATION
  > Epoch.................. 2000-01-01 00:00:00.000
  > Time since epoch....... 5100000000 ns
  > Absolute time.......... 2000-01-01 00:00:05.100
  > Satellites............. 1584
  > Ground stations........ 100
  > Max. range GSL......... 1089686.4181956202m
  > Max. range ISL......... 5016591.233098428m

ISL INFORMATION
  > Total ISLs............. 3168
  > Min. ISLs/satellite.... 4
  > Max. ISLs/satellite.... 4

GSL INTERFACE INFORMATION
  > Min. GSL IFs/satellite........ 1
  > Max. GSL IFs/satellite........ 1
  > Min. GSL IFs/ground station... 1
  > Max. GSL IFs/ground_station... 1

GSL IN-RANGE INFORMATION

FORWARDING STATE AT T = 100000000ns (= 0.1 seconds)

BASIC INFORMATION
  > Epoch.................. 2000-01-01 00:00:00.000
  > Time since epoch....... 100000000 ns
  > Absolute time.......... 2000-01-01 00:00:00.100
  > Satellites............. 1584
  > Ground stations........ 100
  > Max. range GSL......... 1089686.4181956202m
  > Max. range ISL......... 5016591.233098428m

ISL INFORMATION
  > Total ISLs............. 3168
  > Min. ISLs/satellite.... 4
  > Max. ISLs/satellite.... 4

GSL INTERFACE INFORMATION
  > Min. GSL IFs/satellite........ 1
  > Max. GSL IFs/satellite........ 1
  > Min. GSL IFs/ground station... 1
  > Max. GSL IFs/ground_station... 1

GSL IN-RANGE INFORMATION
  > Min. satellites in range... 4
  > Max. satellites in range... 20

ALGORITHM: FREE ONE ONLY OVER ISLS
  > Writing interface bandwidth state to: gen_data/starlink_550_isls_plus_grid_ground_stations_top_100_algorithm_free_one_only_over_isls/dynamic_state_100ms_for_10s/gsl_if_bandwidth_5100000000.txt
  > Calculating Floyd-Warshall for graph without ground-station relays
  > Min. satellites in range... 4
  > Max. satellites in range... 20

ALGORITHM: FREE ONE ONLY OVER ISLS
  > Writing interface bandwidth state to: gen_data/starlink_550_isls_plus_grid_ground_stations_top_100_algorithm_free_one_only_over_isls/dynamic_state_100ms_for_10s/gsl_if_bandwidth_100000000.txt
  > Calculating Floyd-Warshall for graph without ground-station relays
  > Writing forwarding state to: gen_data/starlink_550_isls_plus_grid_ground_stations_top_100_algorithm_free_one_only_over_isls/dynamic_state_100ms_for_10s/fstate_100000000.txt

FORWARDING STATE AT T = 200000000ns (= 0.2 seconds)

BASIC INFORMATION
  > Epoch.................. 2000-01-01 00:00:00.000
  > Time since epoch....... 200000000 ns
  > Absolute time.......... 2000-01-01 00:00:00.200
  > Satellites............. 1584
  > Ground stations........ 100
  > Max. range GSL......... 1089686.4181956202m
  > Max. range ISL......... 5016591.233098428m

ISL INFORMATION
  > Total ISLs............. 3168
  > Min. ISLs/satellite.... 4
  > Max. ISLs/satellite.... 4

GSL INTERFACE INFORMATION
  > Min. GSL IFs/satellite........ 1
  > Max. GSL IFs/satellite........ 1
  > Min. GSL IFs/ground station... 1
  > Max. GSL IFs/ground_station... 1

GSL IN-RANGE INFORMATION
  > Min. satellites in range... 4
  > Max. satellites in range... 20

ALGORITHM: FREE ONE ONLY OVER ISLS
  > Writing interface bandwidth state to: gen_data/starlink_550_isls_plus_grid_ground_stations_top_100_algorithm_free_one_only_over_isls/dynamic_state_100ms_for_10s/gsl_if_bandwidth_200000000.txt
  > Calculating Floyd-Warshall for graph without ground-station relays
  > Writing forwarding state to: gen_data/starlink_550_isls_plus_grid_ground_stations_top_100_algorithm_free_one_only_over_isls/dynamic_state_100ms_for_10s/fstate_5100000000.txt

FORWARDING STATE AT T = 5200000000ns (= 5.2 seconds)

BASIC INFORMATION
  > Epoch.................. 2000-01-01 00:00:00.000
  > Time since epoch....... 5200000000 ns
  > Absolute time.......... 2000-01-01 00:00:05.200
  > Satellites............. 1584
  > Ground stations........ 100
  > Max. range GSL......... 1089686.4181956202m
  > Max. range ISL......... 5016591.233098428m

ISL INFORMATION
  > Total ISLs............. 3168
  > Min. ISLs/satellite.... 4
  > Max. ISLs/satellite.... 4

GSL INTERFACE INFORMATION
  > Min. GSL IFs/satellite........ 1
  > Max. GSL IFs/satellite........ 1
  > Min. GSL IFs/ground station... 1
  > Max. GSL IFs/ground_station... 1

GSL IN-RANGE INFORMATION
  > Min. satellites in range... 4
  > Max. satellites in range... 20

ALGORITHM: FREE ONE ONLY OVER ISLS
  > Writing interface bandwidth state to: gen_data/starlink_550_isls_plus_grid_ground_stations_top_100_algorithm_free_one_only_over_isls/dynamic_state_100ms_for_10s/gsl_if_bandwidth_5200000000.txt
  > Calculating Floyd-Warshall for graph without ground-station relays
  > Writing forwarding state to: gen_data/starlink_550_isls_plus_grid_ground_stations_top_100_algorithm_free_one_only_over_isls/dynamic_state_100ms_for_10s/fstate_200000000.txt

FORWARDING STATE AT T = 300000000ns (= 0.3 seconds)

BASIC INFORMATION
  > Epoch.................. 2000-01-01 00:00:00.000
  > Time since epoch....... 300000000 ns
  > Absolute time.......... 2000-01-01 00:00:00.300
  > Satellites............. 1584
  > Ground stations........ 100
  > Max. range GSL......... 1089686.4181956202m
  > Max. range ISL......... 5016591.233098428m

ISL INFORMATION
  > Total ISLs............. 3168
  > Min. ISLs/satellite.... 4
  > Max. ISLs/satellite.... 4

GSL INTERFACE INFORMATION
  > Min. GSL IFs/satellite........ 1
  > Max. GSL IFs/satellite........ 1
  > Min. GSL IFs/ground station... 1
  > Max. GSL IFs/ground_station... 1

GSL IN-RANGE INFORMATION
  > Min. satellites in range... 4
  > Max. satellites in range... 20

ALGORITHM: FREE ONE ONLY OVER ISLS
  > Writing interface bandwidth state to: gen_data/starlink_550_isls_plus_grid_ground_stations_top_100_algorithm_free_one_only_over_isls/dynamic_state_100ms_for_10s/gsl_if_bandwidth_300000000.txt
  > Calculating Floyd-Warshall for graph without ground-station relays
  > Writing forwarding state to: gen_data/starlink_550_isls_plus_grid_ground_stations_top_100_algorithm_free_one_only_over_isls/dynamic_state_100ms_for_10s/fstate_5200000000.txt

FORWARDING STATE AT T = 5300000000ns (= 5.3 seconds)

BASIC INFORMATION
  > Epoch.................. 2000-01-01 00:00:00.000
  > Time since epoch....... 5300000000 ns
  > Absolute time.......... 2000-01-01 00:00:05.300
  > Satellites............. 1584
  > Ground stations........ 100
  > Max. range GSL......... 1089686.4181956202m
  > Max. range ISL......... 5016591.233098428m

ISL INFORMATION
  > Total ISLs............. 3168
  > Min. ISLs/satellite.... 4
  > Max. ISLs/satellite.... 4

GSL INTERFACE INFORMATION
  > Min. GSL IFs/satellite........ 1
  > Max. GSL IFs/satellite........ 1
  > Min. GSL IFs/ground station... 1
  > Max. GSL IFs/ground_station... 1

GSL IN-RANGE INFORMATION
  > Min. satellites in range... 4
  > Max. satellites in range... 20

ALGORITHM: FREE ONE ONLY OVER ISLS
  > Writing interface bandwidth state to: gen_data/starlink_550_isls_plus_grid_ground_stations_top_100_algorithm_free_one_only_over_isls/dynamic_state_100ms_for_10s/gsl_if_bandwidth_5300000000.txt
  > Calculating Floyd-Warshall for graph without ground-station relays
  > Writing forwarding state to: gen_data/starlink_550_isls_plus_grid_ground_stations_top_100_algorithm_free_one_only_over_isls/dynamic_state_100ms_for_10s/fstate_300000000.txt

FORWARDING STATE AT T = 400000000ns (= 0.4 seconds)

BASIC INFORMATION
  > Epoch.................. 2000-01-01 00:00:00.000
  > Time since epoch....... 400000000 ns
  > Absolute time.......... 2000-01-01 00:00:00.400
  > Satellites............. 1584
  > Ground stations........ 100
  > Max. range GSL......... 1089686.4181956202m
  > Max. range ISL......... 5016591.233098428m

ISL INFORMATION
  > Total ISLs............. 3168
  > Min. ISLs/satellite.... 4
  > Max. ISLs/satellite.... 4

GSL INTERFACE INFORMATION
  > Min. GSL IFs/satellite........ 1
  > Max. GSL IFs/satellite........ 1
  > Min. GSL IFs/ground station... 1
  > Max. GSL IFs/ground_station... 1

GSL IN-RANGE INFORMATION
  > Min. satellites in range... 4
  > Max. satellites in range... 20

ALGORITHM: FREE ONE ONLY OVER ISLS
  > Writing interface bandwidth state to: gen_data/starlink_550_isls_plus_grid_ground_stations_top_100_algorithm_free_one_only_over_isls/dynamic_state_100ms_for_10s/gsl_if_bandwidth_400000000.txt
  > Calculating Floyd-Warshall for graph without ground-station relays
  > Writing forwarding state to: gen_data/starlink_550_isls_plus_grid_ground_stations_top_100_algorithm_free_one_only_over_isls/dynamic_state_100ms_for_10s/fstate_5300000000.txt

FORWARDING STATE AT T = 5400000000ns (= 5.4 seconds)

BASIC INFORMATION
  > Epoch.................. 2000-01-01 00:00:00.000
  > Time since epoch....... 5400000000 ns
  > Absolute time.......... 2000-01-01 00:00:05.400
  > Satellites............. 1584
  > Ground stations........ 100
  > Max. range GSL......... 1089686.4181956202m
  > Max. range ISL......... 5016591.233098428m

ISL INFORMATION
  > Total ISLs............. 3168
  > Min. ISLs/satellite.... 4
  > Max. ISLs/satellite.... 4

GSL INTERFACE INFORMATION
  > Min. GSL IFs/satellite........ 1
  > Max. GSL IFs/satellite........ 1
  > Min. GSL IFs/ground station... 1
  > Max. GSL IFs/ground_station... 1

GSL IN-RANGE INFORMATION
  > Min. satellites in range... 4
  > Max. satellites in range... 20

ALGORITHM: FREE ONE ONLY OVER ISLS
  > Writing interface bandwidth state to: gen_data/starlink_550_isls_plus_grid_ground_stations_top_100_algorithm_free_one_only_over_isls/dynamic_state_100ms_for_10s/gsl_if_bandwidth_5400000000.txt
  > Calculating Floyd-Warshall for graph without ground-station relays
  > Writing forwarding state to: gen_data/starlink_550_isls_plus_grid_ground_stations_top_100_algorithm_free_one_only_over_isls/dynamic_state_100ms_for_10s/fstate_400000000.txt

FORWARDING STATE AT T = 500000000ns (= 0.5 seconds)

BASIC INFORMATION
  > Epoch.................. 2000-01-01 00:00:00.000
  > Time since epoch....... 500000000 ns
  > Absolute time.......... 2000-01-01 00:00:00.500
  > Satellites............. 1584
  > Ground stations........ 100
  > Max. range GSL......... 1089686.4181956202m
  > Max. range ISL......... 5016591.233098428m

ISL INFORMATION
  > Total ISLs............. 3168
  > Min. ISLs/satellite.... 4
  > Max. ISLs/satellite.... 4

GSL INTERFACE INFORMATION
  > Min. GSL IFs/satellite........ 1
  > Max. GSL IFs/satellite........ 1
  > Min. GSL IFs/ground station... 1
  > Max. GSL IFs/ground_station... 1

GSL IN-RANGE INFORMATION
  > Min. satellites in range... 4
  > Max. satellites in range... 20

ALGORITHM: FREE ONE ONLY OVER ISLS
  > Writing interface bandwidth state to: gen_data/starlink_550_isls_plus_grid_ground_stations_top_100_algorithm_free_one_only_over_isls/dynamic_state_100ms_for_10s/gsl_if_bandwidth_500000000.txt
  > Calculating Floyd-Warshall for graph without ground-station relays
  > Writing forwarding state to: gen_data/starlink_550_isls_plus_grid_ground_stations_top_100_algorithm_free_one_only_over_isls/dynamic_state_100ms_for_10s/fstate_5400000000.txt

FORWARDING STATE AT T = 5500000000ns (= 5.5 seconds)

BASIC INFORMATION
  > Epoch.................. 2000-01-01 00:00:00.000
  > Time since epoch....... 5500000000 ns
  > Absolute time.......... 2000-01-01 00:00:05.500
  > Satellites............. 1584
  > Ground stations........ 100
  > Max. range GSL......... 1089686.4181956202m
  > Max. range ISL......... 5016591.233098428m

ISL INFORMATION
  > Total ISLs............. 3168
  > Min. ISLs/satellite.... 4
  > Max. ISLs/satellite.... 4

GSL INTERFACE INFORMATION
  > Min. GSL IFs/satellite........ 1
  > Max. GSL IFs/satellite........ 1
  > Min. GSL IFs/ground station... 1
  > Max. GSL IFs/ground_station... 1

GSL IN-RANGE INFORMATION
  > Min. satellites in range... 4
  > Max. satellites in range... 20

ALGORITHM: FREE ONE ONLY OVER ISLS
  > Writing interface bandwidth state to: gen_data/starlink_550_isls_plus_grid_ground_stations_top_100_algorithm_free_one_only_over_isls/dynamic_state_100ms_for_10s/gsl_if_bandwidth_5500000000.txt
  > Calculating Floyd-Warshall for graph without ground-station relays
  > Writing forwarding state to: gen_data/starlink_550_isls_plus_grid_ground_stations_top_100_algorithm_free_one_only_over_isls/dynamic_state_100ms_for_10s/fstate_500000000.txt

FORWARDING STATE AT T = 600000000ns (= 0.6 seconds)

BASIC INFORMATION
  > Epoch.................. 2000-01-01 00:00:00.000
  > Time since epoch....... 600000000 ns
  > Absolute time.......... 2000-01-01 00:00:00.600
  > Satellites............. 1584
  > Ground stations........ 100
  > Max. range GSL......... 1089686.4181956202m
  > Max. range ISL......... 5016591.233098428m

ISL INFORMATION
  > Total ISLs............. 3168
  > Min. ISLs/satellite.... 4
  > Max. ISLs/satellite.... 4

GSL INTERFACE INFORMATION
  > Min. GSL IFs/satellite........ 1
  > Max. GSL IFs/satellite........ 1
  > Min. GSL IFs/ground station... 1
  > Max. GSL IFs/ground_station... 1

GSL IN-RANGE INFORMATION
  > Min. satellites in range... 4
  > Max. satellites in range... 20

ALGORITHM: FREE ONE ONLY OVER ISLS
  > Writing interface bandwidth state to: gen_data/starlink_550_isls_plus_grid_ground_stations_top_100_algorithm_free_one_only_over_isls/dynamic_state_100ms_for_10s/gsl_if_bandwidth_600000000.txt
  > Calculating Floyd-Warshall for graph without ground-station relays
  > Writing forwarding state to: gen_data/starlink_550_isls_plus_grid_ground_stations_top_100_algorithm_free_one_only_over_isls/dynamic_state_100ms_for_10s/fstate_5500000000.txt

FORWARDING STATE AT T = 5600000000ns (= 5.6 seconds)

BASIC INFORMATION
  > Epoch.................. 2000-01-01 00:00:00.000
  > Time since epoch....... 5600000000 ns
  > Absolute time.......... 2000-01-01 00:00:05.600
  > Satellites............. 1584
  > Ground stations........ 100
  > Max. range GSL......... 1089686.4181956202m
  > Max. range ISL......... 5016591.233098428m

ISL INFORMATION
  > Total ISLs............. 3168
  > Min. ISLs/satellite.... 4
  > Max. ISLs/satellite.... 4

GSL INTERFACE INFORMATION
  > Min. GSL IFs/satellite........ 1
  > Max. GSL IFs/satellite........ 1
  > Min. GSL IFs/ground station... 1
  > Max. GSL IFs/ground_station... 1

GSL IN-RANGE INFORMATION
  > Min. satellites in range... 4
  > Max. satellites in range... 20

ALGORITHM: FREE ONE ONLY OVER ISLS
  > Writing interface bandwidth state to: gen_data/starlink_550_isls_plus_grid_ground_stations_top_100_algorithm_free_one_only_over_isls/dynamic_state_100ms_for_10s/gsl_if_bandwidth_5600000000.txt
  > Calculating Floyd-Warshall for graph without ground-station relays
  > Writing forwarding state to: gen_data/starlink_550_isls_plus_grid_ground_stations_top_100_algorithm_free_one_only_over_isls/dynamic_state_100ms_for_10s/fstate_600000000.txt

FORWARDING STATE AT T = 700000000ns (= 0.7 seconds)

BASIC INFORMATION
  > Epoch.................. 2000-01-01 00:00:00.000
  > Time since epoch....... 700000000 ns
  > Absolute time.......... 2000-01-01 00:00:00.700
  > Satellites............. 1584
  > Ground stations........ 100
  > Max. range GSL......... 1089686.4181956202m
  > Max. range ISL......... 5016591.233098428m

ISL INFORMATION
  > Total ISLs............. 3168
  > Min. ISLs/satellite.... 4
  > Max. ISLs/satellite.... 4

GSL INTERFACE INFORMATION
  > Min. GSL IFs/satellite........ 1
  > Max. GSL IFs/satellite........ 1
  > Min. GSL IFs/ground station... 1
  > Max. GSL IFs/ground_station... 1

GSL IN-RANGE INFORMATION
  > Min. satellites in range... 4
  > Max. satellites in range... 20

ALGORITHM: FREE ONE ONLY OVER ISLS
  > Writing interface bandwidth state to: gen_data/starlink_550_isls_plus_grid_ground_stations_top_100_algorithm_free_one_only_over_isls/dynamic_state_100ms_for_10s/gsl_if_bandwidth_700000000.txt
  > Calculating Floyd-Warshall for graph without ground-station relays
  > Writing forwarding state to: gen_data/starlink_550_isls_plus_grid_ground_stations_top_100_algorithm_free_one_only_over_isls/dynamic_state_100ms_for_10s/fstate_5600000000.txt

FORWARDING STATE AT T = 5700000000ns (= 5.7 seconds)

BASIC INFORMATION
  > Epoch.................. 2000-01-01 00:00:00.000
  > Time since epoch....... 5700000000 ns
  > Absolute time.......... 2000-01-01 00:00:05.700
  > Satellites............. 1584
  > Ground stations........ 100
  > Max. range GSL......... 1089686.4181956202m
  > Max. range ISL......... 5016591.233098428m

ISL INFORMATION
  > Total ISLs............. 3168
  > Min. ISLs/satellite.... 4
  > Max. ISLs/satellite.... 4

GSL INTERFACE INFORMATION
  > Min. GSL IFs/satellite........ 1
  > Max. GSL IFs/satellite........ 1
  > Min. GSL IFs/ground station... 1
  > Max. GSL IFs/ground_station... 1

GSL IN-RANGE INFORMATION
  > Min. satellites in range... 4
  > Max. satellites in range... 20

ALGORITHM: FREE ONE ONLY OVER ISLS
  > Writing interface bandwidth state to: gen_data/starlink_550_isls_plus_grid_ground_stations_top_100_algorithm_free_one_only_over_isls/dynamic_state_100ms_for_10s/gsl_if_bandwidth_5700000000.txt
  > Calculating Floyd-Warshall for graph without ground-station relays
  > Writing forwarding state to: gen_data/starlink_550_isls_plus_grid_ground_stations_top_100_algorithm_free_one_only_over_isls/dynamic_state_100ms_for_10s/fstate_700000000.txt

FORWARDING STATE AT T = 800000000ns (= 0.8 seconds)

BASIC INFORMATION
  > Epoch.................. 2000-01-01 00:00:00.000
  > Time since epoch....... 800000000 ns
  > Absolute time.......... 2000-01-01 00:00:00.800
  > Satellites............. 1584
  > Ground stations........ 100
  > Max. range GSL......... 1089686.4181956202m
  > Max. range ISL......... 5016591.233098428m

ISL INFORMATION
  > Total ISLs............. 3168
  > Min. ISLs/satellite.... 4
  > Max. ISLs/satellite.... 4

GSL INTERFACE INFORMATION
  > Min. GSL IFs/satellite........ 1
  > Max. GSL IFs/satellite........ 1
  > Min. GSL IFs/ground station... 1
  > Max. GSL IFs/ground_station... 1

GSL IN-RANGE INFORMATION
  > Min. satellites in range... 4
  > Max. satellites in range... 20

ALGORITHM: FREE ONE ONLY OVER ISLS
  > Writing interface bandwidth state to: gen_data/starlink_550_isls_plus_grid_ground_stations_top_100_algorithm_free_one_only_over_isls/dynamic_state_100ms_for_10s/gsl_if_bandwidth_800000000.txt
  > Calculating Floyd-Warshall for graph without ground-station relays
  > Writing forwarding state to: gen_data/starlink_550_isls_plus_grid_ground_stations_top_100_algorithm_free_one_only_over_isls/dynamic_state_100ms_for_10s/fstate_5700000000.txt

FORWARDING STATE AT T = 5800000000ns (= 5.8 seconds)

BASIC INFORMATION
  > Epoch.................. 2000-01-01 00:00:00.000
  > Time since epoch....... 5800000000 ns
  > Absolute time.......... 2000-01-01 00:00:05.800
  > Satellites............. 1584
  > Ground stations........ 100
  > Max. range GSL......... 1089686.4181956202m
  > Max. range ISL......... 5016591.233098428m

ISL INFORMATION
  > Total ISLs............. 3168
  > Min. ISLs/satellite.... 4
  > Max. ISLs/satellite.... 4

GSL INTERFACE INFORMATION
  > Min. GSL IFs/satellite........ 1
  > Max. GSL IFs/satellite........ 1
  > Min. GSL IFs/ground station... 1
  > Max. GSL IFs/ground_station... 1

GSL IN-RANGE INFORMATION
  > Min. satellites in range... 4
  > Max. satellites in range... 20

ALGORITHM: FREE ONE ONLY OVER ISLS
  > Writing interface bandwidth state to: gen_data/starlink_550_isls_plus_grid_ground_stations_top_100_algorithm_free_one_only_over_isls/dynamic_state_100ms_for_10s/gsl_if_bandwidth_5800000000.txt
  > Calculating Floyd-Warshall for graph without ground-station relays
  > Writing forwarding state to: gen_data/starlink_550_isls_plus_grid_ground_stations_top_100_algorithm_free_one_only_over_isls/dynamic_state_100ms_for_10s/fstate_800000000.txt

FORWARDING STATE AT T = 900000000ns (= 0.9 seconds)

BASIC INFORMATION
  > Epoch.................. 2000-01-01 00:00:00.000
  > Time since epoch....... 900000000 ns
  > Absolute time.......... 2000-01-01 00:00:00.900
  > Satellites............. 1584
  > Ground stations........ 100
  > Max. range GSL......... 1089686.4181956202m
  > Max. range ISL......... 5016591.233098428m

ISL INFORMATION
  > Total ISLs............. 3168
  > Min. ISLs/satellite.... 4
  > Max. ISLs/satellite.... 4

GSL INTERFACE INFORMATION
  > Min. GSL IFs/satellite........ 1
  > Max. GSL IFs/satellite........ 1
  > Min. GSL IFs/ground station... 1
  > Max. GSL IFs/ground_station... 1

GSL IN-RANGE INFORMATION
  > Min. satellites in range... 4
  > Max. satellites in range... 20

ALGORITHM: FREE ONE ONLY OVER ISLS
  > Writing interface bandwidth state to: gen_data/starlink_550_isls_plus_grid_ground_stations_top_100_algorithm_free_one_only_over_isls/dynamic_state_100ms_for_10s/gsl_if_bandwidth_900000000.txt
  > Calculating Floyd-Warshall for graph without ground-station relays
  > Writing forwarding state to: gen_data/starlink_550_isls_plus_grid_ground_stations_top_100_algorithm_free_one_only_over_isls/dynamic_state_100ms_for_10s/fstate_5800000000.txt

FORWARDING STATE AT T = 5900000000ns (= 5.9 seconds)

BASIC INFORMATION
  > Epoch.................. 2000-01-01 00:00:00.000
  > Time since epoch....... 5900000000 ns
  > Absolute time.......... 2000-01-01 00:00:05.900
  > Satellites............. 1584
  > Ground stations........ 100
  > Max. range GSL......... 1089686.4181956202m
  > Max. range ISL......... 5016591.233098428m

ISL INFORMATION
  > Total ISLs............. 3168
  > Min. ISLs/satellite.... 4
  > Max. ISLs/satellite.... 4

GSL INTERFACE INFORMATION
  > Min. GSL IFs/satellite........ 1
  > Max. GSL IFs/satellite........ 1
  > Min. GSL IFs/ground station... 1
  > Max. GSL IFs/ground_station... 1

GSL IN-RANGE INFORMATION
  > Min. satellites in range... 4
  > Max. satellites in range... 20

ALGORITHM: FREE ONE ONLY OVER ISLS
  > Writing interface bandwidth state to: gen_data/starlink_550_isls_plus_grid_ground_stations_top_100_algorithm_free_one_only_over_isls/dynamic_state_100ms_for_10s/gsl_if_bandwidth_5900000000.txt
  > Calculating Floyd-Warshall for graph without ground-station relays
  > Writing forwarding state to: gen_data/starlink_550_isls_plus_grid_ground_stations_top_100_algorithm_free_one_only_over_isls/dynamic_state_100ms_for_10s/fstate_900000000.txt

FORWARDING STATE AT T = 1000000000ns (= 1.0 seconds)

BASIC INFORMATION
  > Epoch.................. 2000-01-01 00:00:00.000
  > Time since epoch....... 1000000000 ns
  > Absolute time.......... 2000-01-01 00:00:01.000
  > Satellites............. 1584
  > Ground stations........ 100
  > Max. range GSL......... 1089686.4181956202m
  > Max. range ISL......... 5016591.233098428m

ISL INFORMATION
  > Total ISLs............. 3168
  > Min. ISLs/satellite.... 4
  > Max. ISLs/satellite.... 4

GSL INTERFACE INFORMATION
  > Min. GSL IFs/satellite........ 1
  > Max. GSL IFs/satellite........ 1
  > Min. GSL IFs/ground station... 1
  > Max. GSL IFs/ground_station... 1

GSL IN-RANGE INFORMATION
  > Min. satellites in range... 4
  > Max. satellites in range... 20

ALGORITHM: FREE ONE ONLY OVER ISLS
  > Writing interface bandwidth state to: gen_data/starlink_550_isls_plus_grid_ground_stations_top_100_algorithm_free_one_only_over_isls/dynamic_state_100ms_for_10s/gsl_if_bandwidth_1000000000.txt
  > Calculating Floyd-Warshall for graph without ground-station relays
  > Writing forwarding state to: gen_data/starlink_550_isls_plus_grid_ground_stations_top_100_algorithm_free_one_only_over_isls/dynamic_state_100ms_for_10s/fstate_5900000000.txt

FORWARDING STATE AT T = 6000000000ns (= 6.0 seconds)

BASIC INFORMATION
  > Epoch.................. 2000-01-01 00:00:00.000
  > Time since epoch....... 6000000000 ns
  > Absolute time.......... 2000-01-01 00:00:06.000
  > Satellites............. 1584
  > Ground stations........ 100
  > Max. range GSL......... 1089686.4181956202m
  > Max. range ISL......... 5016591.233098428m

ISL INFORMATION
  > Total ISLs............. 3168
  > Min. ISLs/satellite.... 4
  > Max. ISLs/satellite.... 4

GSL INTERFACE INFORMATION
  > Min. GSL IFs/satellite........ 1
  > Max. GSL IFs/satellite........ 1
  > Min. GSL IFs/ground station... 1
  > Max. GSL IFs/ground_station... 1

GSL IN-RANGE INFORMATION
  > Min. satellites in range... 4
  > Max. satellites in range... 20

ALGORITHM: FREE ONE ONLY OVER ISLS
  > Writing interface bandwidth state to: gen_data/starlink_550_isls_plus_grid_ground_stations_top_100_algorithm_free_one_only_over_isls/dynamic_state_100ms_for_10s/gsl_if_bandwidth_6000000000.txt
  > Calculating Floyd-Warshall for graph without ground-station relays
  > Writing forwarding state to: gen_data/starlink_550_isls_plus_grid_ground_stations_top_100_algorithm_free_one_only_over_isls/dynamic_state_100ms_for_10s/fstate_1000000000.txt

FORWARDING STATE AT T = 1100000000ns (= 1.1 seconds)

BASIC INFORMATION
  > Epoch.................. 2000-01-01 00:00:00.000
  > Time since epoch....... 1100000000 ns
  > Absolute time.......... 2000-01-01 00:00:01.100
  > Satellites............. 1584
  > Ground stations........ 100
  > Max. range GSL......... 1089686.4181956202m
  > Max. range ISL......... 5016591.233098428m

ISL INFORMATION
  > Total ISLs............. 3168
  > Min. ISLs/satellite.... 4
  > Max. ISLs/satellite.... 4

GSL INTERFACE INFORMATION
  > Min. GSL IFs/satellite........ 1
  > Max. GSL IFs/satellite........ 1
  > Min. GSL IFs/ground station... 1
  > Max. GSL IFs/ground_station... 1

GSL IN-RANGE INFORMATION
  > Min. satellites in range... 4
  > Max. satellites in range... 20

ALGORITHM: FREE ONE ONLY OVER ISLS
  > Writing interface bandwidth state to: gen_data/starlink_550_isls_plus_grid_ground_stations_top_100_algorithm_free_one_only_over_isls/dynamic_state_100ms_for_10s/gsl_if_bandwidth_1100000000.txt
  > Calculating Floyd-Warshall for graph without ground-station relays
  > Writing forwarding state to: gen_data/starlink_550_isls_plus_grid_ground_stations_top_100_algorithm_free_one_only_over_isls/dynamic_state_100ms_for_10s/fstate_6000000000.txt

FORWARDING STATE AT T = 6100000000ns (= 6.1 seconds)

BASIC INFORMATION
  > Epoch.................. 2000-01-01 00:00:00.000
  > Time since epoch....... 6100000000 ns
  > Absolute time.......... 2000-01-01 00:00:06.100
  > Satellites............. 1584
  > Ground stations........ 100
  > Max. range GSL......... 1089686.4181956202m
  > Max. range ISL......... 5016591.233098428m

ISL INFORMATION
  > Total ISLs............. 3168
  > Min. ISLs/satellite.... 4
  > Max. ISLs/satellite.... 4

GSL INTERFACE INFORMATION
  > Min. GSL IFs/satellite........ 1
  > Max. GSL IFs/satellite........ 1
  > Min. GSL IFs/ground station... 1
  > Max. GSL IFs/ground_station... 1

GSL IN-RANGE INFORMATION
  > Min. satellites in range... 4
  > Max. satellites in range... 20

ALGORITHM: FREE ONE ONLY OVER ISLS
  > Writing interface bandwidth state to: gen_data/starlink_550_isls_plus_grid_ground_stations_top_100_algorithm_free_one_only_over_isls/dynamic_state_100ms_for_10s/gsl_if_bandwidth_6100000000.txt
  > Calculating Floyd-Warshall for graph without ground-station relays
  > Writing forwarding state to: gen_data/starlink_550_isls_plus_grid_ground_stations_top_100_algorithm_free_one_only_over_isls/dynamic_state_100ms_for_10s/fstate_1100000000.txt

FORWARDING STATE AT T = 1200000000ns (= 1.2 seconds)

BASIC INFORMATION
  > Epoch.................. 2000-01-01 00:00:00.000
  > Time since epoch....... 1200000000 ns
  > Absolute time.......... 2000-01-01 00:00:01.200
  > Satellites............. 1584
  > Ground stations........ 100
  > Max. range GSL......... 1089686.4181956202m
  > Max. range ISL......... 5016591.233098428m

ISL INFORMATION
  > Total ISLs............. 3168
  > Min. ISLs/satellite.... 4
  > Max. ISLs/satellite.... 4

GSL INTERFACE INFORMATION
  > Min. GSL IFs/satellite........ 1
  > Max. GSL IFs/satellite........ 1
  > Min. GSL IFs/ground station... 1
  > Max. GSL IFs/ground_station... 1

GSL IN-RANGE INFORMATION
  > Min. satellites in range... 4
  > Max. satellites in range... 20

ALGORITHM: FREE ONE ONLY OVER ISLS
  > Writing interface bandwidth state to: gen_data/starlink_550_isls_plus_grid_ground_stations_top_100_algorithm_free_one_only_over_isls/dynamic_state_100ms_for_10s/gsl_if_bandwidth_1200000000.txt
  > Calculating Floyd-Warshall for graph without ground-station relays
  > Writing forwarding state to: gen_data/starlink_550_isls_plus_grid_ground_stations_top_100_algorithm_free_one_only_over_isls/dynamic_state_100ms_for_10s/fstate_6100000000.txt

FORWARDING STATE AT T = 6200000000ns (= 6.2 seconds)

BASIC INFORMATION
  > Epoch.................. 2000-01-01 00:00:00.000
  > Time since epoch....... 6200000000 ns
  > Absolute time.......... 2000-01-01 00:00:06.200
  > Satellites............. 1584
  > Ground stations........ 100
  > Max. range GSL......... 1089686.4181956202m
  > Max. range ISL......... 5016591.233098428m

ISL INFORMATION
  > Total ISLs............. 3168
  > Min. ISLs/satellite.... 4
  > Max. ISLs/satellite.... 4

GSL INTERFACE INFORMATION
  > Min. GSL IFs/satellite........ 1
  > Max. GSL IFs/satellite........ 1
  > Min. GSL IFs/ground station... 1
  > Max. GSL IFs/ground_station... 1

GSL IN-RANGE INFORMATION
  > Min. satellites in range... 4
  > Max. satellites in range... 20

ALGORITHM: FREE ONE ONLY OVER ISLS
  > Writing interface bandwidth state to: gen_data/starlink_550_isls_plus_grid_ground_stations_top_100_algorithm_free_one_only_over_isls/dynamic_state_100ms_for_10s/gsl_if_bandwidth_6200000000.txt
  > Calculating Floyd-Warshall for graph without ground-station relays
  > Writing forwarding state to: gen_data/starlink_550_isls_plus_grid_ground_stations_top_100_algorithm_free_one_only_over_isls/dynamic_state_100ms_for_10s/fstate_1200000000.txt

FORWARDING STATE AT T = 1300000000ns (= 1.3 seconds)

BASIC INFORMATION
  > Epoch.................. 2000-01-01 00:00:00.000
  > Time since epoch....... 1300000000 ns
  > Absolute time.......... 2000-01-01 00:00:01.300
  > Satellites............. 1584
  > Ground stations........ 100
  > Max. range GSL......... 1089686.4181956202m
  > Max. range ISL......... 5016591.233098428m

ISL INFORMATION
  > Total ISLs............. 3168
  > Min. ISLs/satellite.... 4
  > Max. ISLs/satellite.... 4

GSL INTERFACE INFORMATION
  > Min. GSL IFs/satellite........ 1
  > Max. GSL IFs/satellite........ 1
  > Min. GSL IFs/ground station... 1
  > Max. GSL IFs/ground_station... 1

GSL IN-RANGE INFORMATION
  > Min. satellites in range... 4
  > Max. satellites in range... 20

ALGORITHM: FREE ONE ONLY OVER ISLS
  > Writing interface bandwidth state to: gen_data/starlink_550_isls_plus_grid_ground_stations_top_100_algorithm_free_one_only_over_isls/dynamic_state_100ms_for_10s/gsl_if_bandwidth_1300000000.txt
  > Calculating Floyd-Warshall for graph without ground-station relays
  > Writing forwarding state to: gen_data/starlink_550_isls_plus_grid_ground_stations_top_100_algorithm_free_one_only_over_isls/dynamic_state_100ms_for_10s/fstate_6200000000.txt

FORWARDING STATE AT T = 6300000000ns (= 6.3 seconds)

BASIC INFORMATION
  > Epoch.................. 2000-01-01 00:00:00.000
  > Time since epoch....... 6300000000 ns
  > Absolute time.......... 2000-01-01 00:00:06.300
  > Satellites............. 1584
  > Ground stations........ 100
  > Max. range GSL......... 1089686.4181956202m
  > Max. range ISL......... 5016591.233098428m

ISL INFORMATION
  > Total ISLs............. 3168
  > Min. ISLs/satellite.... 4
  > Max. ISLs/satellite.... 4

GSL INTERFACE INFORMATION
  > Min. GSL IFs/satellite........ 1
  > Max. GSL IFs/satellite........ 1
  > Min. GSL IFs/ground station... 1
  > Max. GSL IFs/ground_station... 1

GSL IN-RANGE INFORMATION
  > Min. satellites in range... 4
  > Max. satellites in range... 20

ALGORITHM: FREE ONE ONLY OVER ISLS
  > Writing interface bandwidth state to: gen_data/starlink_550_isls_plus_grid_ground_stations_top_100_algorithm_free_one_only_over_isls/dynamic_state_100ms_for_10s/gsl_if_bandwidth_6300000000.txt
  > Calculating Floyd-Warshall for graph without ground-station relays
  > Writing forwarding state to: gen_data/starlink_550_isls_plus_grid_ground_stations_top_100_algorithm_free_one_only_over_isls/dynamic_state_100ms_for_10s/fstate_1300000000.txt

FORWARDING STATE AT T = 1400000000ns (= 1.4 seconds)

BASIC INFORMATION
  > Epoch.................. 2000-01-01 00:00:00.000
  > Time since epoch....... 1400000000 ns
  > Absolute time.......... 2000-01-01 00:00:01.400
  > Satellites............. 1584
  > Ground stations........ 100
  > Max. range GSL......... 1089686.4181956202m
  > Max. range ISL......... 5016591.233098428m

ISL INFORMATION
  > Total ISLs............. 3168
  > Min. ISLs/satellite.... 4
  > Max. ISLs/satellite.... 4

GSL INTERFACE INFORMATION
  > Min. GSL IFs/satellite........ 1
  > Max. GSL IFs/satellite........ 1
  > Min. GSL IFs/ground station... 1
  > Max. GSL IFs/ground_station... 1

GSL IN-RANGE INFORMATION
  > Min. satellites in range... 4
  > Max. satellites in range... 20

ALGORITHM: FREE ONE ONLY OVER ISLS
  > Writing interface bandwidth state to: gen_data/starlink_550_isls_plus_grid_ground_stations_top_100_algorithm_free_one_only_over_isls/dynamic_state_100ms_for_10s/gsl_if_bandwidth_1400000000.txt
  > Calculating Floyd-Warshall for graph without ground-station relays
  > Writing forwarding state to: gen_data/starlink_550_isls_plus_grid_ground_stations_top_100_algorithm_free_one_only_over_isls/dynamic_state_100ms_for_10s/fstate_6300000000.txt

FORWARDING STATE AT T = 6400000000ns (= 6.4 seconds)

BASIC INFORMATION
  > Epoch.................. 2000-01-01 00:00:00.000
  > Time since epoch....... 6400000000 ns
  > Absolute time.......... 2000-01-01 00:00:06.400
  > Satellites............. 1584
  > Ground stations........ 100
  > Max. range GSL......... 1089686.4181956202m
  > Max. range ISL......... 5016591.233098428m

ISL INFORMATION
  > Total ISLs............. 3168
  > Min. ISLs/satellite.... 4
  > Max. ISLs/satellite.... 4

GSL INTERFACE INFORMATION
  > Min. GSL IFs/satellite........ 1
  > Max. GSL IFs/satellite........ 1
  > Min. GSL IFs/ground station... 1
  > Max. GSL IFs/ground_station... 1

GSL IN-RANGE INFORMATION
  > Min. satellites in range... 4
  > Max. satellites in range... 20

ALGORITHM: FREE ONE ONLY OVER ISLS
  > Writing interface bandwidth state to: gen_data/starlink_550_isls_plus_grid_ground_stations_top_100_algorithm_free_one_only_over_isls/dynamic_state_100ms_for_10s/gsl_if_bandwidth_6400000000.txt
  > Calculating Floyd-Warshall for graph without ground-station relays
  > Writing forwarding state to: gen_data/starlink_550_isls_plus_grid_ground_stations_top_100_algorithm_free_one_only_over_isls/dynamic_state_100ms_for_10s/fstate_1400000000.txt

FORWARDING STATE AT T = 1500000000ns (= 1.5 seconds)

BASIC INFORMATION
  > Epoch.................. 2000-01-01 00:00:00.000
  > Time since epoch....... 1500000000 ns
  > Absolute time.......... 2000-01-01 00:00:01.500
  > Satellites............. 1584
  > Ground stations........ 100
  > Max. range GSL......... 1089686.4181956202m
  > Max. range ISL......... 5016591.233098428m

ISL INFORMATION
  > Total ISLs............. 3168
  > Min. ISLs/satellite.... 4
  > Max. ISLs/satellite.... 4

GSL INTERFACE INFORMATION
  > Min. GSL IFs/satellite........ 1
  > Max. GSL IFs/satellite........ 1
  > Min. GSL IFs/ground station... 1
  > Max. GSL IFs/ground_station... 1

GSL IN-RANGE INFORMATION
  > Min. satellites in range... 4
  > Max. satellites in range... 20

ALGORITHM: FREE ONE ONLY OVER ISLS
  > Writing interface bandwidth state to: gen_data/starlink_550_isls_plus_grid_ground_stations_top_100_algorithm_free_one_only_over_isls/dynamic_state_100ms_for_10s/gsl_if_bandwidth_1500000000.txt
  > Calculating Floyd-Warshall for graph without ground-station relays
  > Writing forwarding state to: gen_data/starlink_550_isls_plus_grid_ground_stations_top_100_algorithm_free_one_only_over_isls/dynamic_state_100ms_for_10s/fstate_6400000000.txt

FORWARDING STATE AT T = 6500000000ns (= 6.5 seconds)

BASIC INFORMATION
  > Epoch.................. 2000-01-01 00:00:00.000
  > Time since epoch....... 6500000000 ns
  > Absolute time.......... 2000-01-01 00:00:06.500
  > Satellites............. 1584
  > Ground stations........ 100
  > Max. range GSL......... 1089686.4181956202m
  > Max. range ISL......... 5016591.233098428m

ISL INFORMATION
  > Total ISLs............. 3168
  > Min. ISLs/satellite.... 4
  > Max. ISLs/satellite.... 4

GSL INTERFACE INFORMATION
  > Min. GSL IFs/satellite........ 1
  > Max. GSL IFs/satellite........ 1
  > Min. GSL IFs/ground station... 1
  > Max. GSL IFs/ground_station... 1

GSL IN-RANGE INFORMATION
  > Min. satellites in range... 4
  > Max. satellites in range... 20

ALGORITHM: FREE ONE ONLY OVER ISLS
  > Writing interface bandwidth state to: gen_data/starlink_550_isls_plus_grid_ground_stations_top_100_algorithm_free_one_only_over_isls/dynamic_state_100ms_for_10s/gsl_if_bandwidth_6500000000.txt
  > Calculating Floyd-Warshall for graph without ground-station relays
  > Writing forwarding state to: gen_data/starlink_550_isls_plus_grid_ground_stations_top_100_algorithm_free_one_only_over_isls/dynamic_state_100ms_for_10s/fstate_1500000000.txt

FORWARDING STATE AT T = 1600000000ns (= 1.6 seconds)

BASIC INFORMATION
  > Epoch.................. 2000-01-01 00:00:00.000
  > Time since epoch....... 1600000000 ns
  > Absolute time.......... 2000-01-01 00:00:01.600
  > Satellites............. 1584
  > Ground stations........ 100
  > Max. range GSL......... 1089686.4181956202m
  > Max. range ISL......... 5016591.233098428m

ISL INFORMATION
  > Total ISLs............. 3168
  > Min. ISLs/satellite.... 4
  > Max. ISLs/satellite.... 4

GSL INTERFACE INFORMATION
  > Min. GSL IFs/satellite........ 1
  > Max. GSL IFs/satellite........ 1
  > Min. GSL IFs/ground station... 1
  > Max. GSL IFs/ground_station... 1

GSL IN-RANGE INFORMATION
  > Min. satellites in range... 4
  > Max. satellites in range... 20

ALGORITHM: FREE ONE ONLY OVER ISLS
  > Writing interface bandwidth state to: gen_data/starlink_550_isls_plus_grid_ground_stations_top_100_algorithm_free_one_only_over_isls/dynamic_state_100ms_for_10s/gsl_if_bandwidth_1600000000.txt
  > Calculating Floyd-Warshall for graph without ground-station relays
  > Writing forwarding state to: gen_data/starlink_550_isls_plus_grid_ground_stations_top_100_algorithm_free_one_only_over_isls/dynamic_state_100ms_for_10s/fstate_6500000000.txt

FORWARDING STATE AT T = 6600000000ns (= 6.6 seconds)

BASIC INFORMATION
  > Epoch.................. 2000-01-01 00:00:00.000
  > Time since epoch....... 6600000000 ns
  > Absolute time.......... 2000-01-01 00:00:06.600
  > Satellites............. 1584
  > Ground stations........ 100
  > Max. range GSL......... 1089686.4181956202m
  > Max. range ISL......... 5016591.233098428m

ISL INFORMATION
  > Total ISLs............. 3168
  > Min. ISLs/satellite.... 4
  > Max. ISLs/satellite.... 4

GSL INTERFACE INFORMATION
  > Min. GSL IFs/satellite........ 1
  > Max. GSL IFs/satellite........ 1
  > Min. GSL IFs/ground station... 1
  > Max. GSL IFs/ground_station... 1

GSL IN-RANGE INFORMATION
  > Min. satellites in range... 4
  > Max. satellites in range... 20

ALGORITHM: FREE ONE ONLY OVER ISLS
  > Writing interface bandwidth state to: gen_data/starlink_550_isls_plus_grid_ground_stations_top_100_algorithm_free_one_only_over_isls/dynamic_state_100ms_for_10s/gsl_if_bandwidth_6600000000.txt
  > Calculating Floyd-Warshall for graph without ground-station relays
  > Writing forwarding state to: gen_data/starlink_550_isls_plus_grid_ground_stations_top_100_algorithm_free_one_only_over_isls/dynamic_state_100ms_for_10s/fstate_1600000000.txt

FORWARDING STATE AT T = 1700000000ns (= 1.7 seconds)

BASIC INFORMATION
  > Epoch.................. 2000-01-01 00:00:00.000
  > Time since epoch....... 1700000000 ns
  > Absolute time.......... 2000-01-01 00:00:01.700
  > Satellites............. 1584
  > Ground stations........ 100
  > Max. range GSL......... 1089686.4181956202m
  > Max. range ISL......... 5016591.233098428m

ISL INFORMATION
  > Total ISLs............. 3168
  > Min. ISLs/satellite.... 4
  > Max. ISLs/satellite.... 4

GSL INTERFACE INFORMATION
  > Min. GSL IFs/satellite........ 1
  > Max. GSL IFs/satellite........ 1
  > Min. GSL IFs/ground station... 1
  > Max. GSL IFs/ground_station... 1

GSL IN-RANGE INFORMATION
  > Writing forwarding state to: gen_data/starlink_550_isls_plus_grid_ground_stations_top_100_algorithm_free_one_only_over_isls/dynamic_state_100ms_for_10s/fstate_6600000000.txt
  > Min. satellites in range... 4
  > Max. satellites in range... 20

ALGORITHM: FREE ONE ONLY OVER ISLS
  > Writing interface bandwidth state to: gen_data/starlink_550_isls_plus_grid_ground_stations_top_100_algorithm_free_one_only_over_isls/dynamic_state_100ms_for_10s/gsl_if_bandwidth_1700000000.txt
  > Calculating Floyd-Warshall for graph without ground-station relays

FORWARDING STATE AT T = 6700000000ns (= 6.7 seconds)

BASIC INFORMATION
  > Epoch.................. 2000-01-01 00:00:00.000
  > Time since epoch....... 6700000000 ns
  > Absolute time.......... 2000-01-01 00:00:06.700
  > Satellites............. 1584
  > Ground stations........ 100
  > Max. range GSL......... 1089686.4181956202m
  > Max. range ISL......... 5016591.233098428m

ISL INFORMATION
  > Total ISLs............. 3168
  > Min. ISLs/satellite.... 4
  > Max. ISLs/satellite.... 4

GSL INTERFACE INFORMATION
  > Min. GSL IFs/satellite........ 1
  > Max. GSL IFs/satellite........ 1
  > Min. GSL IFs/ground station... 1
  > Max. GSL IFs/ground_station... 1

GSL IN-RANGE INFORMATION
  > Min. satellites in range... 4
  > Max. satellites in range... 20

ALGORITHM: FREE ONE ONLY OVER ISLS
  > Writing interface bandwidth state to: gen_data/starlink_550_isls_plus_grid_ground_stations_top_100_algorithm_free_one_only_over_isls/dynamic_state_100ms_for_10s/gsl_if_bandwidth_6700000000.txt
  > Calculating Floyd-Warshall for graph without ground-station relays
  > Writing forwarding state to: gen_data/starlink_550_isls_plus_grid_ground_stations_top_100_algorithm_free_one_only_over_isls/dynamic_state_100ms_for_10s/fstate_1700000000.txt

FORWARDING STATE AT T = 1800000000ns (= 1.8 seconds)

BASIC INFORMATION
  > Epoch.................. 2000-01-01 00:00:00.000
  > Time since epoch....... 1800000000 ns
  > Absolute time.......... 2000-01-01 00:00:01.800
  > Satellites............. 1584
  > Ground stations........ 100
  > Max. range GSL......... 1089686.4181956202m
  > Max. range ISL......... 5016591.233098428m

ISL INFORMATION
  > Total ISLs............. 3168
  > Min. ISLs/satellite.... 4
  > Max. ISLs/satellite.... 4

GSL INTERFACE INFORMATION
  > Min. GSL IFs/satellite........ 1
  > Max. GSL IFs/satellite........ 1
  > Min. GSL IFs/ground station... 1
  > Max. GSL IFs/ground_station... 1

GSL IN-RANGE INFORMATION
  > Writing forwarding state to: gen_data/starlink_550_isls_plus_grid_ground_stations_top_100_algorithm_free_one_only_over_isls/dynamic_state_100ms_for_10s/fstate_6700000000.txt

FORWARDING STATE AT T = 6800000000ns (= 6.8 seconds)

BASIC INFORMATION
  > Epoch.................. 2000-01-01 00:00:00.000
  > Time since epoch....... 6800000000 ns
  > Absolute time.......... 2000-01-01 00:00:06.800
  > Satellites............. 1584
  > Ground stations........ 100
  > Max. range GSL......... 1089686.4181956202m
  > Max. range ISL......... 5016591.233098428m

ISL INFORMATION
  > Total ISLs............. 3168
  > Min. ISLs/satellite.... 4
  > Max. ISLs/satellite.... 4

GSL INTERFACE INFORMATION
  > Min. GSL IFs/satellite........ 1
  > Max. GSL IFs/satellite........ 1
  > Min. GSL IFs/ground station... 1
  > Max. GSL IFs/ground_station... 1

GSL IN-RANGE INFORMATION
  > Min. satellites in range... 4
  > Max. satellites in range... 20

ALGORITHM: FREE ONE ONLY OVER ISLS
  > Writing interface bandwidth state to: gen_data/starlink_550_isls_plus_grid_ground_stations_top_100_algorithm_free_one_only_over_isls/dynamic_state_100ms_for_10s/gsl_if_bandwidth_1800000000.txt
  > Calculating Floyd-Warshall for graph without ground-station relays
  > Min. satellites in range... 4
  > Max. satellites in range... 20

ALGORITHM: FREE ONE ONLY OVER ISLS
  > Writing interface bandwidth state to: gen_data/starlink_550_isls_plus_grid_ground_stations_top_100_algorithm_free_one_only_over_isls/dynamic_state_100ms_for_10s/gsl_if_bandwidth_6800000000.txt
  > Calculating Floyd-Warshall for graph without ground-station relays
  > Writing forwarding state to: gen_data/starlink_550_isls_plus_grid_ground_stations_top_100_algorithm_free_one_only_over_isls/dynamic_state_100ms_for_10s/fstate_1800000000.txt

FORWARDING STATE AT T = 1900000000ns (= 1.9 seconds)

BASIC INFORMATION
  > Epoch.................. 2000-01-01 00:00:00.000
  > Time since epoch....... 1900000000 ns
  > Absolute time.......... 2000-01-01 00:00:01.900
  > Satellites............. 1584
  > Ground stations........ 100
  > Max. range GSL......... 1089686.4181956202m
  > Max. range ISL......... 5016591.233098428m

ISL INFORMATION
  > Total ISLs............. 3168
  > Min. ISLs/satellite.... 4
  > Max. ISLs/satellite.... 4

GSL INTERFACE INFORMATION
  > Min. GSL IFs/satellite........ 1
  > Max. GSL IFs/satellite........ 1
  > Min. GSL IFs/ground station... 1
  > Max. GSL IFs/ground_station... 1

GSL IN-RANGE INFORMATION
  > Writing forwarding state to: gen_data/starlink_550_isls_plus_grid_ground_stations_top_100_algorithm_free_one_only_over_isls/dynamic_state_100ms_for_10s/fstate_6800000000.txt
  > Min. satellites in range... 4
  > Max. satellites in range... 20

ALGORITHM: FREE ONE ONLY OVER ISLS
  > Writing interface bandwidth state to: gen_data/starlink_550_isls_plus_grid_ground_stations_top_100_algorithm_free_one_only_over_isls/dynamic_state_100ms_for_10s/gsl_if_bandwidth_1900000000.txt
  > Calculating Floyd-Warshall for graph without ground-station relays

FORWARDING STATE AT T = 6900000000ns (= 6.9 seconds)

BASIC INFORMATION
  > Epoch.................. 2000-01-01 00:00:00.000
  > Time since epoch....... 6900000000 ns
  > Absolute time.......... 2000-01-01 00:00:06.900
  > Satellites............. 1584
  > Ground stations........ 100
  > Max. range GSL......... 1089686.4181956202m
  > Max. range ISL......... 5016591.233098428m

ISL INFORMATION
  > Total ISLs............. 3168
  > Min. ISLs/satellite.... 4
  > Max. ISLs/satellite.... 4

GSL INTERFACE INFORMATION
  > Min. GSL IFs/satellite........ 1
  > Max. GSL IFs/satellite........ 1
  > Min. GSL IFs/ground station... 1
  > Max. GSL IFs/ground_station... 1

GSL IN-RANGE INFORMATION
  > Min. satellites in range... 4
  > Max. satellites in range... 20

ALGORITHM: FREE ONE ONLY OVER ISLS
  > Writing interface bandwidth state to: gen_data/starlink_550_isls_plus_grid_ground_stations_top_100_algorithm_free_one_only_over_isls/dynamic_state_100ms_for_10s/gsl_if_bandwidth_6900000000.txt
  > Calculating Floyd-Warshall for graph without ground-station relays
  > Writing forwarding state to: gen_data/starlink_550_isls_plus_grid_ground_stations_top_100_algorithm_free_one_only_over_isls/dynamic_state_100ms_for_10s/fstate_1900000000.txt

FORWARDING STATE AT T = 2000000000ns (= 2.0 seconds)

BASIC INFORMATION
  > Epoch.................. 2000-01-01 00:00:00.000
  > Time since epoch....... 2000000000 ns
  > Absolute time.......... 2000-01-01 00:00:02.000
  > Satellites............. 1584
  > Ground stations........ 100
  > Max. range GSL......... 1089686.4181956202m
  > Max. range ISL......... 5016591.233098428m

ISL INFORMATION
  > Total ISLs............. 3168
  > Min. ISLs/satellite.... 4
  > Max. ISLs/satellite.... 4

GSL INTERFACE INFORMATION
  > Min. GSL IFs/satellite........ 1
  > Max. GSL IFs/satellite........ 1
  > Min. GSL IFs/ground station... 1
  > Max. GSL IFs/ground_station... 1

GSL IN-RANGE INFORMATION
  > Writing forwarding state to: gen_data/starlink_550_isls_plus_grid_ground_stations_top_100_algorithm_free_one_only_over_isls/dynamic_state_100ms_for_10s/fstate_6900000000.txt
  > Min. satellites in range... 4
  > Max. satellites in range... 20

ALGORITHM: FREE ONE ONLY OVER ISLS
  > Writing interface bandwidth state to: gen_data/starlink_550_isls_plus_grid_ground_stations_top_100_algorithm_free_one_only_over_isls/dynamic_state_100ms_for_10s/gsl_if_bandwidth_2000000000.txt
  > Calculating Floyd-Warshall for graph without ground-station relays

FORWARDING STATE AT T = 7000000000ns (= 7.0 seconds)

BASIC INFORMATION
  > Epoch.................. 2000-01-01 00:00:00.000
  > Time since epoch....... 7000000000 ns
  > Absolute time.......... 2000-01-01 00:00:07.000
  > Satellites............. 1584
  > Ground stations........ 100
  > Max. range GSL......... 1089686.4181956202m
  > Max. range ISL......... 5016591.233098428m

ISL INFORMATION
  > Total ISLs............. 3168
  > Min. ISLs/satellite.... 4
  > Max. ISLs/satellite.... 4

GSL INTERFACE INFORMATION
  > Min. GSL IFs/satellite........ 1
  > Max. GSL IFs/satellite........ 1
  > Min. GSL IFs/ground station... 1
  > Max. GSL IFs/ground_station... 1

GSL IN-RANGE INFORMATION
  > Min. satellites in range... 4
  > Max. satellites in range... 20

ALGORITHM: FREE ONE ONLY OVER ISLS
  > Writing interface bandwidth state to: gen_data/starlink_550_isls_plus_grid_ground_stations_top_100_algorithm_free_one_only_over_isls/dynamic_state_100ms_for_10s/gsl_if_bandwidth_7000000000.txt
  > Calculating Floyd-Warshall for graph without ground-station relays
  > Writing forwarding state to: gen_data/starlink_550_isls_plus_grid_ground_stations_top_100_algorithm_free_one_only_over_isls/dynamic_state_100ms_for_10s/fstate_2000000000.txt

FORWARDING STATE AT T = 2100000000ns (= 2.1 seconds)

BASIC INFORMATION
  > Epoch.................. 2000-01-01 00:00:00.000
  > Time since epoch....... 2100000000 ns
  > Absolute time.......... 2000-01-01 00:00:02.100
  > Satellites............. 1584
  > Ground stations........ 100
  > Max. range GSL......... 1089686.4181956202m
  > Max. range ISL......... 5016591.233098428m

ISL INFORMATION
  > Total ISLs............. 3168
  > Min. ISLs/satellite.... 4
  > Max. ISLs/satellite.... 4

GSL INTERFACE INFORMATION
  > Min. GSL IFs/satellite........ 1
  > Max. GSL IFs/satellite........ 1
  > Min. GSL IFs/ground station... 1
  > Max. GSL IFs/ground_station... 1

GSL IN-RANGE INFORMATION
  > Writing forwarding state to: gen_data/starlink_550_isls_plus_grid_ground_stations_top_100_algorithm_free_one_only_over_isls/dynamic_state_100ms_for_10s/fstate_7000000000.txt
  > Min. satellites in range... 4
  > Max. satellites in range... 20

ALGORITHM: FREE ONE ONLY OVER ISLS
  > Writing interface bandwidth state to: gen_data/starlink_550_isls_plus_grid_ground_stations_top_100_algorithm_free_one_only_over_isls/dynamic_state_100ms_for_10s/gsl_if_bandwidth_2100000000.txt
  > Calculating Floyd-Warshall for graph without ground-station relays

FORWARDING STATE AT T = 7100000000ns (= 7.1 seconds)

BASIC INFORMATION
  > Epoch.................. 2000-01-01 00:00:00.000
  > Time since epoch....... 7100000000 ns
  > Absolute time.......... 2000-01-01 00:00:07.100
  > Satellites............. 1584
  > Ground stations........ 100
  > Max. range GSL......... 1089686.4181956202m
  > Max. range ISL......... 5016591.233098428m

ISL INFORMATION
  > Total ISLs............. 3168
  > Min. ISLs/satellite.... 4
  > Max. ISLs/satellite.... 4

GSL INTERFACE INFORMATION
  > Min. GSL IFs/satellite........ 1
  > Max. GSL IFs/satellite........ 1
  > Min. GSL IFs/ground station... 1
  > Max. GSL IFs/ground_station... 1

GSL IN-RANGE INFORMATION
  > Min. satellites in range... 4
  > Max. satellites in range... 20

ALGORITHM: FREE ONE ONLY OVER ISLS
  > Writing interface bandwidth state to: gen_data/starlink_550_isls_plus_grid_ground_stations_top_100_algorithm_free_one_only_over_isls/dynamic_state_100ms_for_10s/gsl_if_bandwidth_7100000000.txt
  > Calculating Floyd-Warshall for graph without ground-station relays
  > Writing forwarding state to: gen_data/starlink_550_isls_plus_grid_ground_stations_top_100_algorithm_free_one_only_over_isls/dynamic_state_100ms_for_10s/fstate_2100000000.txt

FORWARDING STATE AT T = 2200000000ns (= 2.2 seconds)

BASIC INFORMATION
  > Epoch.................. 2000-01-01 00:00:00.000
  > Time since epoch....... 2200000000 ns
  > Absolute time.......... 2000-01-01 00:00:02.200
  > Satellites............. 1584
  > Ground stations........ 100
  > Max. range GSL......... 1089686.4181956202m
  > Max. range ISL......... 5016591.233098428m

ISL INFORMATION
  > Total ISLs............. 3168
  > Min. ISLs/satellite.... 4
  > Max. ISLs/satellite.... 4

GSL INTERFACE INFORMATION
  > Min. GSL IFs/satellite........ 1
  > Max. GSL IFs/satellite........ 1
  > Min. GSL IFs/ground station... 1
  > Max. GSL IFs/ground_station... 1

GSL IN-RANGE INFORMATION
  > Writing forwarding state to: gen_data/starlink_550_isls_plus_grid_ground_stations_top_100_algorithm_free_one_only_over_isls/dynamic_state_100ms_for_10s/fstate_7100000000.txt

FORWARDING STATE AT T = 7200000000ns (= 7.2 seconds)

BASIC INFORMATION
  > Epoch.................. 2000-01-01 00:00:00.000
  > Time since epoch....... 7200000000 ns
  > Absolute time.......... 2000-01-01 00:00:07.200
  > Satellites............. 1584
  > Ground stations........ 100
  > Max. range GSL......... 1089686.4181956202m
  > Max. range ISL......... 5016591.233098428m

ISL INFORMATION
  > Total ISLs............. 3168
  > Min. ISLs/satellite.... 4
  > Max. ISLs/satellite.... 4

GSL INTERFACE INFORMATION
  > Min. GSL IFs/satellite........ 1
  > Max. GSL IFs/satellite........ 1
  > Min. GSL IFs/ground station... 1
  > Max. GSL IFs/ground_station... 1

GSL IN-RANGE INFORMATION
  > Min. satellites in range... 4
  > Max. satellites in range... 20

ALGORITHM: FREE ONE ONLY OVER ISLS
  > Writing interface bandwidth state to: gen_data/starlink_550_isls_plus_grid_ground_stations_top_100_algorithm_free_one_only_over_isls/dynamic_state_100ms_for_10s/gsl_if_bandwidth_2200000000.txt
  > Calculating Floyd-Warshall for graph without ground-station relays
  > Min. satellites in range... 4
  > Max. satellites in range... 20

ALGORITHM: FREE ONE ONLY OVER ISLS
  > Writing interface bandwidth state to: gen_data/starlink_550_isls_plus_grid_ground_stations_top_100_algorithm_free_one_only_over_isls/dynamic_state_100ms_for_10s/gsl_if_bandwidth_7200000000.txt
  > Calculating Floyd-Warshall for graph without ground-station relays
